<testsuites id="" name="" tests="1" failures="0" skipped="0" errors="0" time="6.557597">
<testsuite name="employee-management/01-employee-crud.spec.ts" timestamp="2025-11-27T00:22:31.838Z" hostname="chromium" tests="1" failures="0" skipped="0" time="5.784" errors="0">
<testcase name="Employee CRUD Operations › 03. Employee Updating (Update) › 03.01 Should update employee first name" classname="employee-management/01-employee-crud.spec.ts" time="5.784">
</testcase>
</testsuite>
</testsuites>